// Jest Snapshot v1, https://goo.gl/fbAQLP

exports[`Main App correct render 1`] = `undefined`;

exports[`Main Err page correct render 1`] = `undefined`;

exports[`Main Privacy-Policy correct render 1`] = `undefined`;

exports[`Main calls onClick function when clicked 1`] = `
<DocumentFragment>
  <div
    class="info_collect_card"
  >
    <div
      class="vector_icon"
    >
      <img
        src=""
      />
    </div>
    <div
      class="title"
    >
      Hello, future partners!
    </div>
    <form
      action=""
    >
      <div>
        <label
          for="companyName"
        >
          <span>
            *
          </span>
          Company
        </label>
        <input
          name="companyName"
          type="text"
          value=""
        />
      </div>
      <div>
        <label
          for="companySize"
        >
          <span>
            *
          </span>
          Company Size
        </label>
        <input
          name="companySize"
          type="text"
          value=""
        />
      </div>
      <div>
        <label
          for="name"
        >
          <span>
            *
          </span>
          Name
        </label>
        <input
          name="name"
          type="text"
          value=""
        />
      </div>
      <div>
        <label
          for="businessEmail"
        >
          <span>
            *
          </span>
          Business email
        </label>
        <input
          name="businessEmail"
          type="text"
          value=""
        />
      </div>
      <div>
        <label
          for="requirementDescription"
        >
          <span>
            *
          </span>
          Requirement description
        </label>
        <textarea
          class="desc_textarea"
          cols="30"
          name="requirementDescription"
          rows="5"
        />
      </div>
      <div>
        <button
          class="sub_btn"
          type="submit"
        >
          Submit
        </button>
      </div>
    </form>
    <span
      class="foot_text"
    >
      <span>
        *
      </span>
       By submitting, you agree to the 
      <a
        href="#"
      >
        privacy policy
      </a>
      .
    </span>
  </div>
</DocumentFragment>
`;
