// Vitest Snapshot v1, https://vitest.dev/guide/snapshot.html

exports[`Sign page Test 1`] = `
Object {
  "asFragment": [Function],
  "baseElement": <body>
    <div
      class="message-wrap"
      id="message-wrap"
    />
    <div>
      <div
        class="__sign"
      >
        <div
          class="__sign_logo"
        >
          <img
            alt="UIPaaS"
            src=""
          />
        </div>
        <div
          class="__sign_container"
        >
          <div
            class="__sign_title"
          >
            <span>
              Sign up
            </span>
            <span>
              Complete the Information for Account Registration
            </span>
          </div>
          <div
            class="__sign_form"
          >
            <div
              class="__sign_form_input"
            >
              <div
                class="__input_wrapper"
              >
                <div
                  class="__input_wrapper_title"
                >
                  Invitation code
                  <span>
                    *
                  </span>
                </div>
                <div
                  class="__input_wrapper_main"
                >
                  <input
                    id="1"
                    name=""
                    placeholder="Enter your invitation code"
                    type="text"
                  />
                </div>
                <div
                  class="__input_wrapper_invalid"
                >
                  Please enter the invitation code
                </div>
              </div>
            </div>
            <div
              class="__sign_form_input"
            >
              <div
                class="__input_wrapper"
              >
                <div
                  class="__input_wrapper_title"
                >
                  Name
                  <span>
                    *
                  </span>
                </div>
                <div
                  class="__input_wrapper_main"
                >
                  <input
                    id="2"
                    name=""
                    placeholder="Enter your name"
                    type="text"
                  />
                </div>
                <div
                  class="__input_wrapper_invalid"
                >
                  Please enter your name
                </div>
              </div>
            </div>
            <div
              class="__sign_form_input"
            >
              <div
                class="__input_wrapper"
              >
                <div
                  class="__input_wrapper_title"
                >
                  Email
                  <span>
                    *
                  </span>
                </div>
                <div
                  class="__input_wrapper_main"
                >
                  <input
                    id="3"
                    name=""
                    placeholder="Enter your email address"
                    type="text"
                  />
                </div>
                <div
                  class="__input_wrapper_invalid"
                >
                  Please enter your email address
                </div>
              </div>
            </div>
            <div
              class="__sign_form_input"
            >
              <div
                class="__input_wrapper"
              >
                <div
                  class="__input_wrapper_title"
                >
                  Password
                  <span>
                    *
                  </span>
                </div>
                <div
                  class="__input_wrapper_main"
                >
                  <input
                    id="4"
                    name=""
                    placeholder="Enter new password"
                    type="password"
                  />
                  <div
                    class="__input_wrapper_main_show"
                  >
                    <img
                      src=""
                    />
                    <div
                      class="__show_closed"
                    />
                  </div>
                </div>
                <div
                  class="__input_wrapper_invalid"
                >
                  Please enter your password
                </div>
              </div>
            </div>
          </div>
          <div
            class="__sign_continue"
          >
            <div
              class="__sign_continue_tip"
            >
              <span>
                Already have an account?
              </span>
              <span>
                <a
                  href="/s/in"
                >
                  Sign in
                </a>
              </span>
            </div>
            <button
              class="__button_wrapper"
              disabled=""
              type="button"
            >
              Continue
            </button>
            <div
              class="__sign_continue_privacy"
            >
              <span>
                By using UIPaaS, you are agreeing to the
              </span>
              <span>
                <a
                  href="/privacy"
                  target="_blank"
                >
                  Privacy Policy.
                </a>
              </span>
            </div>
          </div>
        </div>
      </div>
    </div>
  </body>,
  "container": <div>
    <div
      class="__sign"
    >
      <div
        class="__sign_logo"
      >
        <img
          alt="UIPaaS"
          src=""
        />
      </div>
      <div
        class="__sign_container"
      >
        <div
          class="__sign_title"
        >
          <span>
            Sign up
          </span>
          <span>
            Complete the Information for Account Registration
          </span>
        </div>
        <div
          class="__sign_form"
        >
          <div
            class="__sign_form_input"
          >
            <div
              class="__input_wrapper"
            >
              <div
                class="__input_wrapper_title"
              >
                Invitation code
                <span>
                  *
                </span>
              </div>
              <div
                class="__input_wrapper_main"
              >
                <input
                  id="1"
                  name=""
                  placeholder="Enter your invitation code"
                  type="text"
                />
              </div>
              <div
                class="__input_wrapper_invalid"
              >
                Please enter the invitation code
              </div>
            </div>
          </div>
          <div
            class="__sign_form_input"
          >
            <div
              class="__input_wrapper"
            >
              <div
                class="__input_wrapper_title"
              >
                Name
                <span>
                  *
                </span>
              </div>
              <div
                class="__input_wrapper_main"
              >
                <input
                  id="2"
                  name=""
                  placeholder="Enter your name"
                  type="text"
                />
              </div>
              <div
                class="__input_wrapper_invalid"
              >
                Please enter your name
              </div>
            </div>
          </div>
          <div
            class="__sign_form_input"
          >
            <div
              class="__input_wrapper"
            >
              <div
                class="__input_wrapper_title"
              >
                Email
                <span>
                  *
                </span>
              </div>
              <div
                class="__input_wrapper_main"
              >
                <input
                  id="3"
                  name=""
                  placeholder="Enter your email address"
                  type="text"
                />
              </div>
              <div
                class="__input_wrapper_invalid"
              >
                Please enter your email address
              </div>
            </div>
          </div>
          <div
            class="__sign_form_input"
          >
            <div
              class="__input_wrapper"
            >
              <div
                class="__input_wrapper_title"
              >
                Password
                <span>
                  *
                </span>
              </div>
              <div
                class="__input_wrapper_main"
              >
                <input
                  id="4"
                  name=""
                  placeholder="Enter new password"
                  type="password"
                />
                <div
                  class="__input_wrapper_main_show"
                >
                  <img
                    src=""
                  />
                  <div
                    class="__show_closed"
                  />
                </div>
              </div>
              <div
                class="__input_wrapper_invalid"
              >
                Please enter your password
              </div>
            </div>
          </div>
        </div>
        <div
          class="__sign_continue"
        >
          <div
            class="__sign_continue_tip"
          >
            <span>
              Already have an account?
            </span>
            <span>
              <a
                href="/s/in"
              >
                Sign in
              </a>
            </span>
          </div>
          <button
            class="__button_wrapper"
            disabled=""
            type="button"
          >
            Continue
          </button>
          <div
            class="__sign_continue_privacy"
          >
            <span>
              By using UIPaaS, you are agreeing to the
            </span>
            <span>
              <a
                href="/privacy"
                target="_blank"
              >
                Privacy Policy.
              </a>
            </span>
          </div>
        </div>
      </div>
    </div>
  </div>,
  "debug": [Function],
  "findAllByAltText": [Function],
  "findAllByDisplayValue": [Function],
  "findAllByLabelText": [Function],
  "findAllByPlaceholderText": [Function],
  "findAllByRole": [Function],
  "findAllByTestId": [Function],
  "findAllByText": [Function],
  "findAllByTitle": [Function],
  "findByAltText": [Function],
  "findByDisplayValue": [Function],
  "findByLabelText": [Function],
  "findByPlaceholderText": [Function],
  "findByRole": [Function],
  "findByTestId": [Function],
  "findByText": [Function],
  "findByTitle": [Function],
  "getAllByAltText": [Function],
  "getAllByDisplayValue": [Function],
  "getAllByLabelText": [Function],
  "getAllByPlaceholderText": [Function],
  "getAllByRole": [Function],
  "getAllByTestId": [Function],
  "getAllByText": [Function],
  "getAllByTitle": [Function],
  "getByAltText": [Function],
  "getByDisplayValue": [Function],
  "getByLabelText": [Function],
  "getByPlaceholderText": [Function],
  "getByRole": [Function],
  "getByTestId": [Function],
  "getByText": [Function],
  "getByTitle": [Function],
  "queryAllByAltText": [Function],
  "queryAllByDisplayValue": [Function],
  "queryAllByLabelText": [Function],
  "queryAllByPlaceholderText": [Function],
  "queryAllByRole": [Function],
  "queryAllByTestId": [Function],
  "queryAllByText": [Function],
  "queryAllByTitle": [Function],
  "queryByAltText": [Function],
  "queryByDisplayValue": [Function],
  "queryByLabelText": [Function],
  "queryByPlaceholderText": [Function],
  "queryByRole": [Function],
  "queryByTestId": [Function],
  "queryByText": [Function],
  "queryByTitle": [Function],
  "rerender": [Function],
  "unmount": [Function],
}
`;
