// Jest Snapshot v1, https://goo.gl/fbAQLP

exports[`Msg > renders correctly 1`] = `
<div
  class="message success"
>
  <span
    class="icon"
  />
  <span>
    This is a success message.
  </span>
</div>
`;

exports[`Msg renders correctly 1`] = `
<div
  class="message success"
>
  <span
    class="icon"
  />
  <span>
    This is a success message.
  </span>
</div>
`;
